2026-02-27 10:08:31 [main] INFO  c.s.StudentManagementApplication - Starting StudentManagementApplication using Java 24.0.2 with PID 11076 (D:\Learn\crm\student-management-system\backend\target\classes started by 94569 in D:\Learn\crm\student-management-system\backend)
2026-02-27 10:08:31 [main] DEBUG c.s.StudentManagementApplication - Running with Spring Boot v3.2.12, Spring v6.1.15
2026-02-27 10:08:31 [main] INFO  c.s.StudentManagementApplication - The following 1 profile is active: "h2"
2026-02-27 10:08:31 [main] WARN  o.s.b.w.s.c.AnnotationConfigServletWebServerApplicationContext - Exception encountered during context initialization - cancelling refresh attempt: org.springframework.beans.factory.BeanDefinitionStoreException: Invalid bean definition with name 'announcementMapper' defined in file [D:\Learn\crm\student-management-system\backend\target\classes\com\student\mapper\AnnouncementMapper.class]: Invalid value type for attribute 'factoryBeanObjectType': java.lang.String
2026-02-27 10:08:31 [main] INFO  o.s.b.a.l.ConditionEvaluationReportLogger - 

Error starting ApplicationContext. To display the condition evaluation report re-run your application with 'debug' enabled.
2026-02-27 10:08:31 [main] ERROR o.s.boot.SpringApplication - Application run failed
org.springframework.beans.factory.BeanDefinitionStoreException: Invalid bean definition with name 'announcementMapper' defined in file [D:\Learn\crm\student-management-system\backend\target\classes\com\student\mapper\AnnouncementMapper.class]: Invalid value type for attribute 'factoryBeanObjectType': java.lang.String
	at org.springframework.beans.factory.support.AbstractAutowireCapableBeanFactory.getTypeForFactoryBean(AbstractAutowireCapableBeanFactory.java:857)
	at org.springframework.beans.factory.support.AbstractBeanFactory.getType(AbstractBeanFactory.java:743)
	at org.springframework.beans.factory.support.DefaultListableBeanFactory.findAnnotationOnBean(DefaultListableBeanFactory.java:735)
	at org.springframework.boot.sql.init.dependency.AnnotationDependsOnDatabaseInitializationDetector.detect(AnnotationDependsOnDatabaseInitializationDetector.java:36)
	at org.springframework.boot.sql.init.dependency.DatabaseInitializationDependencyConfigurer$DependsOnDatabaseInitializationPostProcessor.detectDependsOnInitializationBeanNames(DatabaseInitializationDependencyConfigurer.java:152)
	at org.springframework.boot.sql.init.dependency.DatabaseInitializationDependencyConfigurer$DependsOnDatabaseInitializationPostProcessor.postProcessBeanFactory(DatabaseInitializationDependencyConfigurer.java:115)
	at org.springframework.context.support.PostProcessorRegistrationDelegate.invokeBeanFactoryPostProcessors(PostProcessorRegistrationDelegate.java:363)
	at org.springframework.context.support.PostProcessorRegistrationDelegate.invokeBeanFactoryPostProcessors(PostProcessorRegistrationDelegate.java:197)
	at org.springframework.context.support.AbstractApplicationContext.invokeBeanFactoryPostProcessors(AbstractApplicationContext.java:789)
	at org.springframework.context.support.AbstractApplicationContext.refresh(AbstractApplicationContext.java:607)
	at org.springframework.boot.web.servlet.context.ServletWebServerApplicationContext.refresh(ServletWebServerApplicationContext.java:146)
	at org.springframework.boot.SpringApplication.refresh(SpringApplication.java:754)
	at org.springframework.boot.SpringApplication.refreshContext(SpringApplication.java:456)
	at org.springframework.boot.SpringApplication.run(SpringApplication.java:335)
	at org.springframework.boot.SpringApplication.run(SpringApplication.java:1363)
	at org.springframework.boot.SpringApplication.run(SpringApplication.java:1352)
	at com.student.StudentManagementApplication.main(StudentManagementApplication.java:14)
2026-02-27 10:09:42 [main] INFO  c.s.StudentManagementApplication - Starting StudentManagementApplication using Java 24.0.2 with PID 25612 (D:\Learn\crm\student-management-system\backend\target\classes started by 94569 in D:\Learn\crm\student-management-system\backend)
2026-02-27 10:09:42 [main] DEBUG c.s.StudentManagementApplication - Running with Spring Boot v3.2.12, Spring v6.1.15
2026-02-27 10:09:42 [main] INFO  c.s.StudentManagementApplication - The following 1 profile is active: "h2"
2026-02-27 10:09:43 [main] WARN  o.s.b.w.s.c.AnnotationConfigServletWebServerApplicationContext - Exception encountered during context initialization - cancelling refresh attempt: org.springframework.beans.factory.BeanDefinitionStoreException: Invalid bean definition with name 'announcementMapper' defined in file [D:\Learn\crm\student-management-system\backend\target\classes\com\student\mapper\AnnouncementMapper.class]: Invalid value type for attribute 'factoryBeanObjectType': java.lang.String
2026-02-27 10:09:43 [main] INFO  o.s.b.a.l.ConditionEvaluationReportLogger - 

Error starting ApplicationContext. To display the condition evaluation report re-run your application with 'debug' enabled.
2026-02-27 10:09:43 [main] ERROR o.s.boot.SpringApplication - Application run failed
org.springframework.beans.factory.BeanDefinitionStoreException: Invalid bean definition with name 'announcementMapper' defined in file [D:\Learn\crm\student-management-system\backend\target\classes\com\student\mapper\AnnouncementMapper.class]: Invalid value type for attribute 'factoryBeanObjectType': java.lang.String
	at org.springframework.beans.factory.support.AbstractAutowireCapableBeanFactory.getTypeForFactoryBean(AbstractAutowireCapableBeanFactory.java:857)
	at org.springframework.beans.factory.support.AbstractBeanFactory.getType(AbstractBeanFactory.java:743)
	at org.springframework.beans.factory.support.DefaultListableBeanFactory.findAnnotationOnBean(DefaultListableBeanFactory.java:735)
	at org.springframework.boot.sql.init.dependency.AnnotationDependsOnDatabaseInitializationDetector.detect(AnnotationDependsOnDatabaseInitializationDetector.java:36)
	at org.springframework.boot.sql.init.dependency.DatabaseInitializationDependencyConfigurer$DependsOnDatabaseInitializationPostProcessor.detectDependsOnInitializationBeanNames(DatabaseInitializationDependencyConfigurer.java:152)
	at org.springframework.boot.sql.init.dependency.DatabaseInitializationDependencyConfigurer$DependsOnDatabaseInitializationPostProcessor.postProcessBeanFactory(DatabaseInitializationDependencyConfigurer.java:115)
	at org.springframework.context.support.PostProcessorRegistrationDelegate.invokeBeanFactoryPostProcessors(PostProcessorRegistrationDelegate.java:363)
	at org.springframework.context.support.PostProcessorRegistrationDelegate.invokeBeanFactoryPostProcessors(PostProcessorRegistrationDelegate.java:197)
	at org.springframework.context.support.AbstractApplicationContext.invokeBeanFactoryPostProcessors(AbstractApplicationContext.java:789)
	at org.springframework.context.support.AbstractApplicationContext.refresh(AbstractApplicationContext.java:607)
	at org.springframework.boot.web.servlet.context.ServletWebServerApplicationContext.refresh(ServletWebServerApplicationContext.java:146)
	at org.springframework.boot.SpringApplication.refresh(SpringApplication.java:754)
	at org.springframework.boot.SpringApplication.refreshContext(SpringApplication.java:456)
	at org.springframework.boot.SpringApplication.run(SpringApplication.java:335)
	at org.springframework.boot.SpringApplication.run(SpringApplication.java:1363)
	at org.springframework.boot.SpringApplication.run(SpringApplication.java:1352)
	at com.student.StudentManagementApplication.main(StudentManagementApplication.java:14)
2026-02-27 10:11:10 [main] INFO  c.s.StudentManagementApplication - Starting StudentManagementApplication using Java 24.0.2 with PID 26864 (D:\Learn\crm\student-management-system\backend\target\classes started by 94569 in D:\Learn\crm\student-management-system\backend)
2026-02-27 10:11:10 [main] DEBUG c.s.StudentManagementApplication - Running with Spring Boot v3.2.12, Spring v6.1.15
2026-02-27 10:11:10 [main] INFO  c.s.StudentManagementApplication - The following 1 profile is active: "h2"
2026-02-27 10:11:11 [main] INFO  o.s.b.w.e.tomcat.TomcatWebServer - Tomcat initialized with port 8080 (http)
2026-02-27 10:11:11 [main] INFO  o.a.catalina.core.StandardService - Starting service [Tomcat]
2026-02-27 10:11:11 [main] INFO  o.a.catalina.core.StandardEngine - Starting Servlet engine: [Apache Tomcat/10.1.33]
2026-02-27 10:11:11 [main] INFO  o.a.c.c.C.[.[localhost].[/api] - Initializing Spring embedded WebApplicationContext
2026-02-27 10:11:11 [main] INFO  o.s.b.w.s.c.ServletWebServerApplicationContext - Root WebApplicationContext: initialization completed in 1043 ms
2026-02-27 10:11:11 [main] DEBUG c.s.security.JwtAuthenticationFilter - Filter 'jwtAuthenticationFilter' configured for use
2026-02-27 10:11:11 [main] INFO  com.zaxxer.hikari.HikariDataSource - HikariPool-1 - Starting...
2026-02-27 10:11:11 [main] INFO  com.zaxxer.hikari.pool.HikariPool - HikariPool-1 - Added connection conn0: url=jdbc:h2:mem:student_management user=SA
2026-02-27 10:11:11 [main] INFO  com.zaxxer.hikari.HikariDataSource - HikariPool-1 - Start completed.
2026-02-27 10:11:12 [main] DEBUG o.s.s.c.a.a.c.AuthenticationConfiguration$DefaultPasswordEncoderAuthenticationManagerBuilder - No authenticationProviders and no parentAuthenticationManager defined. Returning null.
2026-02-27 10:11:12 [main] INFO  o.s.s.web.DefaultSecurityFilterChain - Will secure any request with [org.springframework.security.web.session.DisableEncodeUrlFilter@5e37fb82, org.springframework.security.web.context.request.async.WebAsyncManagerIntegrationFilter@59ec7020, org.springframework.security.web.context.SecurityContextHolderFilter@10bf1ec9, org.springframework.security.web.header.HeaderWriterFilter@6c6928c, org.springframework.web.filter.CorsFilter@23f60b7d, org.springframework.security.web.authentication.logout.LogoutFilter@5ce3409b, com.student.security.JwtAuthenticationFilter@244418a, org.springframework.security.web.savedrequest.RequestCacheAwareFilter@516195cf, org.springframework.security.web.servletapi.SecurityContextHolderAwareRequestFilter@4c5da4f9, org.springframework.security.web.authentication.AnonymousAuthenticationFilter@2ba9f986, org.springframework.security.web.session.SessionManagementFilter@77ea806f, org.springframework.security.web.access.ExceptionTranslationFilter@1b3a9ef4, org.springframework.security.web.access.intercept.AuthorizationFilter@6b3d9c38]
2026-02-27 10:11:12 [main] INFO  o.s.b.w.e.tomcat.TomcatWebServer - Tomcat started on port 8080 (http) with context path '/api'
2026-02-27 10:11:12 [main] INFO  c.s.StudentManagementApplication - Started StudentManagementApplication in 2.859 seconds (process running for 3.176)
2026-02-27 10:12:21 [http-nio-8080-exec-2] INFO  o.a.c.c.C.[.[localhost].[/api] - Initializing Spring DispatcherServlet 'dispatcherServlet'
2026-02-27 10:12:21 [http-nio-8080-exec-2] INFO  o.s.web.servlet.DispatcherServlet - Initializing Servlet 'dispatcherServlet'
2026-02-27 10:12:21 [http-nio-8080-exec-2] INFO  o.s.web.servlet.DispatcherServlet - Completed initialization in 1 ms
2026-02-27 10:12:21 [http-nio-8080-exec-2] DEBUG o.s.security.web.FilterChainProxy - Securing GET /
2026-02-27 10:12:21 [http-nio-8080-exec-2] DEBUG o.s.s.w.a.AnonymousAuthenticationFilter - Set SecurityContextHolder to anonymous SecurityContext
2026-02-27 10:12:21 [http-nio-8080-exec-2] DEBUG o.s.s.w.a.Http403ForbiddenEntryPoint - Pre-authenticated entry point called. Rejecting access
2026-02-27 10:12:21 [http-nio-8080-exec-2] DEBUG o.s.security.web.FilterChainProxy - Securing GET /error
2026-02-27 10:12:21 [http-nio-8080-exec-2] DEBUG o.s.s.w.a.AnonymousAuthenticationFilter - Set SecurityContextHolder to anonymous SecurityContext
2026-02-27 10:12:21 [http-nio-8080-exec-2] DEBUG o.s.s.w.a.Http403ForbiddenEntryPoint - Pre-authenticated entry point called. Rejecting access
2026-02-27 10:16:14 [HikariPool-1 housekeeper] WARN  com.zaxxer.hikari.pool.HikariPool - HikariPool-1 - Thread starvation or clock leap detected (housekeeper delta=1m32s153ms111µs700ns).
2026-02-27 10:20:15 [http-nio-8080-exec-4] DEBUG o.s.security.web.FilterChainProxy - Securing POST /auth/login
2026-02-27 10:20:15 [http-nio-8080-exec-4] DEBUG o.s.s.w.a.AnonymousAuthenticationFilter - Set SecurityContextHolder to anonymous SecurityContext
2026-02-27 10:20:15 [http-nio-8080-exec-4] DEBUG o.s.security.web.FilterChainProxy - Secured POST /auth/login
2026-02-27 10:20:17 [http-nio-8080-exec-5] DEBUG o.s.security.web.FilterChainProxy - Securing GET /student?page=1&size=1
2026-02-27 10:20:17 [http-nio-8080-exec-6] DEBUG o.s.security.web.FilterChainProxy - Securing GET /teacher?page=1&size=1
2026-02-27 10:20:17 [http-nio-8080-exec-6] DEBUG o.s.security.web.FilterChainProxy - Secured GET /teacher?page=1&size=1
2026-02-27 10:20:17 [http-nio-8080-exec-5] DEBUG o.s.security.web.FilterChainProxy - Secured GET /student?page=1&size=1
2026-02-27 10:20:17 [http-nio-8080-exec-9] DEBUG o.s.security.web.FilterChainProxy - Securing GET /student/statistics/gender
2026-02-27 10:20:17 [http-nio-8080-exec-8] DEBUG o.s.security.web.FilterChainProxy - Securing GET /class?page=1&size=1
2026-02-27 10:20:17 [http-nio-8080-exec-10] DEBUG o.s.security.web.FilterChainProxy - Securing GET /announcement?page=1&size=8&status=1
2026-02-27 10:20:17 [http-nio-8080-exec-7] DEBUG o.s.security.web.FilterChainProxy - Securing GET /course?page=1&size=1
2026-02-27 10:20:17 [http-nio-8080-exec-8] DEBUG o.s.security.web.FilterChainProxy - Secured GET /class?page=1&size=1
2026-02-27 10:20:17 [http-nio-8080-exec-9] DEBUG o.s.security.web.FilterChainProxy - Secured GET /student/statistics/gender
2026-02-27 10:20:17 [http-nio-8080-exec-10] DEBUG o.s.security.web.FilterChainProxy - Secured GET /announcement?page=1&size=8&status=1
2026-02-27 10:20:17 [http-nio-8080-exec-7] DEBUG o.s.security.web.FilterChainProxy - Secured GET /course?page=1&size=1
2026-02-27 10:20:18 [http-nio-8080-exec-1] DEBUG o.s.security.web.FilterChainProxy - Securing GET /announcement?page=1&size=5&status=1
2026-02-27 10:20:18 [http-nio-8080-exec-1] DEBUG o.s.security.web.FilterChainProxy - Secured GET /announcement?page=1&size=5&status=1
2026-02-27 10:20:22 [http-nio-8080-exec-2] DEBUG o.s.security.web.FilterChainProxy - Securing GET /class?page=1&size=500
2026-02-27 10:20:22 [http-nio-8080-exec-3] DEBUG o.s.security.web.FilterChainProxy - Securing GET /announcement?page=1&size=5&status=1
2026-02-27 10:20:23 [http-nio-8080-exec-3] DEBUG o.s.security.web.FilterChainProxy - Secured GET /announcement?page=1&size=5&status=1
2026-02-27 10:20:23 [http-nio-8080-exec-2] DEBUG o.s.security.web.FilterChainProxy - Secured GET /class?page=1&size=500
2026-02-27 10:20:23 [http-nio-8080-exec-4] DEBUG o.s.security.web.FilterChainProxy - Securing GET /student?page=1&size=10
2026-02-27 10:20:23 [http-nio-8080-exec-4] DEBUG o.s.security.web.FilterChainProxy - Secured GET /student?page=1&size=10
2026-02-27 10:20:25 [http-nio-8080-exec-9] DEBUG o.s.security.web.FilterChainProxy - Securing GET /teacher?page=1&size=10&teacherNo=&name=
2026-02-27 10:20:25 [http-nio-8080-exec-9] DEBUG o.s.security.web.FilterChainProxy - Secured GET /teacher?page=1&size=10&teacherNo=&name=
2026-02-27 10:20:25 [http-nio-8080-exec-8] DEBUG o.s.security.web.FilterChainProxy - Securing GET /announcement?page=1&size=5&status=1
2026-02-27 10:20:25 [http-nio-8080-exec-8] DEBUG o.s.security.web.FilterChainProxy - Secured GET /announcement?page=1&size=5&status=1
2026-02-27 10:20:27 [http-nio-8080-exec-6] DEBUG o.s.security.web.FilterChainProxy - Securing GET /announcement?page=1&size=5&status=1
2026-02-27 10:20:27 [http-nio-8080-exec-5] DEBUG o.s.security.web.FilterChainProxy - Securing GET /class?page=1&size=10&className=&grade=
2026-02-27 10:20:27 [http-nio-8080-exec-5] DEBUG o.s.security.web.FilterChainProxy - Secured GET /class?page=1&size=10&className=&grade=
2026-02-27 10:20:27 [http-nio-8080-exec-6] DEBUG o.s.security.web.FilterChainProxy - Secured GET /announcement?page=1&size=5&status=1
2026-02-27 10:20:28 [http-nio-8080-exec-7] DEBUG o.s.security.web.FilterChainProxy - Securing GET /teacher?page=1&size=10&teacherNo=&name=
2026-02-27 10:20:28 [http-nio-8080-exec-10] DEBUG o.s.security.web.FilterChainProxy - Securing GET /announcement?page=1&size=5&status=1
2026-02-27 10:20:28 [http-nio-8080-exec-7] DEBUG o.s.security.web.FilterChainProxy - Secured GET /teacher?page=1&size=10&teacherNo=&name=
2026-02-27 10:20:28 [http-nio-8080-exec-10] DEBUG o.s.security.web.FilterChainProxy - Secured GET /announcement?page=1&size=5&status=1
2026-02-27 10:20:30 [http-nio-8080-exec-1] DEBUG o.s.security.web.FilterChainProxy - Securing PUT /teacher/1/status?status=0
2026-02-27 10:20:30 [http-nio-8080-exec-1] DEBUG o.s.security.web.FilterChainProxy - Secured PUT /teacher/1/status?status=0
2026-02-27 10:20:30 [http-nio-8080-exec-2] DEBUG o.s.security.web.FilterChainProxy - Securing GET /teacher?page=1&size=10&teacherNo=&name=
2026-02-27 10:20:30 [http-nio-8080-exec-2] DEBUG o.s.security.web.FilterChainProxy - Secured GET /teacher?page=1&size=10&teacherNo=&name=
2026-02-27 10:20:31 [http-nio-8080-exec-3] DEBUG o.s.security.web.FilterChainProxy - Securing PUT /teacher/1/status?status=1
2026-02-27 10:20:31 [http-nio-8080-exec-3] DEBUG o.s.security.web.FilterChainProxy - Secured PUT /teacher/1/status?status=1
2026-02-27 10:20:31 [http-nio-8080-exec-4] DEBUG o.s.security.web.FilterChainProxy - Securing GET /teacher?page=1&size=10&teacherNo=&name=
2026-02-27 10:20:31 [http-nio-8080-exec-4] DEBUG o.s.security.web.FilterChainProxy - Secured GET /teacher?page=1&size=10&teacherNo=&name=
2026-02-27 10:20:34 [http-nio-8080-exec-9] DEBUG o.s.security.web.FilterChainProxy - Securing GET /class?page=1&size=10&className=&grade=
2026-02-27 10:20:34 [http-nio-8080-exec-9] DEBUG o.s.security.web.FilterChainProxy - Secured GET /class?page=1&size=10&className=&grade=
2026-02-27 10:20:35 [http-nio-8080-exec-8] DEBUG o.s.security.web.FilterChainProxy - Securing GET /announcement?page=1&size=5&status=1
2026-02-27 10:20:35 [http-nio-8080-exec-8] DEBUG o.s.security.web.FilterChainProxy - Secured GET /announcement?page=1&size=5&status=1
2026-02-27 10:20:36 [http-nio-8080-exec-6] DEBUG o.s.security.web.FilterChainProxy - Securing GET /announcement?page=1&size=5&status=1
2026-02-27 10:20:36 [http-nio-8080-exec-5] DEBUG o.s.security.web.FilterChainProxy - Securing GET /course?page=1&size=10&courseCode=&courseName=&category=
2026-02-27 10:20:36 [http-nio-8080-exec-6] DEBUG o.s.security.web.FilterChainProxy - Secured GET /announcement?page=1&size=5&status=1
2026-02-27 10:20:36 [http-nio-8080-exec-5] DEBUG o.s.security.web.FilterChainProxy - Secured GET /course?page=1&size=10&courseCode=&courseName=&category=
2026-02-27 10:20:38 [http-nio-8080-exec-7] DEBUG o.s.security.web.FilterChainProxy - Securing GET /score?page=1&size=10
2026-02-27 10:20:38 [http-nio-8080-exec-10] DEBUG o.s.security.web.FilterChainProxy - Securing GET /announcement?page=1&size=5&status=1
2026-02-27 10:20:38 [http-nio-8080-exec-7] DEBUG o.s.security.web.FilterChainProxy - Secured GET /score?page=1&size=10
2026-02-27 10:20:38 [http-nio-8080-exec-10] DEBUG o.s.security.web.FilterChainProxy - Secured GET /announcement?page=1&size=5&status=1
2026-02-27 10:22:05 [http-nio-8080-exec-2] DEBUG o.s.security.web.FilterChainProxy - Securing GET /announcement?page=1&size=5&status=1
2026-02-27 10:22:05 [http-nio-8080-exec-1] DEBUG o.s.security.web.FilterChainProxy - Securing GET /attendance?page=1&size=10
2026-02-27 10:22:05 [http-nio-8080-exec-1] DEBUG o.s.security.web.FilterChainProxy - Secured GET /attendance?page=1&size=10
2026-02-27 10:22:05 [http-nio-8080-exec-2] DEBUG o.s.security.web.FilterChainProxy - Secured GET /announcement?page=1&size=5&status=1
2026-02-27 10:22:07 [http-nio-8080-exec-3] DEBUG o.s.security.web.FilterChainProxy - Securing GET /announcement?page=1&size=10
2026-02-27 10:22:07 [http-nio-8080-exec-4] DEBUG o.s.security.web.FilterChainProxy - Securing GET /announcement?page=1&size=5&status=1
2026-02-27 10:22:07 [http-nio-8080-exec-4] DEBUG o.s.security.web.FilterChainProxy - Secured GET /announcement?page=1&size=5&status=1
2026-02-27 10:22:07 [http-nio-8080-exec-3] DEBUG o.s.security.web.FilterChainProxy - Secured GET /announcement?page=1&size=10
